  Determinando os projetos a serem restaurados...
  Todos os projetos est├úo atualizados para restaura├º├úo.
  Ronaldinho.Toolbox -> C:\Repositorio\Ronaldinho-Agent\.agent\toolbox\bin\Debug\net9.0\Ronaldinho.Toolbox.dll
C:\Program Files\dotnet\sdk\9.0.205\Microsoft.Common.CurrentVersion.targets(5364,5): warning MSB3026: n├úo foi poss├¡vel copiar "C:\Repositorio\Ronaldinho-Agent\.agent\daemon\obj\Debug\net9.0\apphost.exe" para "bin\Debug\net9.0\Ronaldinho.Daemon.exe". Iniciando nova tentativa 1 em 1000ms. The process cannot access the file 'C:\Repositorio\Ronaldinho-Agent\.agent\daemon\bin\Debug\net9.0\Ronaldinho.Daemon.exe' because it is being used by another process. O arquivo ├® bloqueado por: "Ronaldinho.Daemon (15936)" [C:\Repositorio\Ronaldinho-Agent\.agent\daemon\Ronaldinho.Daemon.csproj]
C:\Program Files\dotnet\sdk\9.0.205\Microsoft.Common.CurrentVersion.targets(5364,5): warning MSB3026: n├úo foi poss├¡vel copiar "C:\Repositorio\Ronaldinho-Agent\.agent\daemon\obj\Debug\net9.0\apphost.exe" para "bin\Debug\net9.0\Ronaldinho.Daemon.exe". Iniciando nova tentativa 2 em 1000ms. The process cannot access the file 'C:\Repositorio\Ronaldinho-Agent\.agent\daemon\bin\Debug\net9.0\Ronaldinho.Daemon.exe' because it is being used by another process. O arquivo ├® bloqueado por: "Ronaldinho.Daemon (15936)" [C:\Repositorio\Ronaldinho-Agent\.agent\daemon\Ronaldinho.Daemon.csproj]
C:\Program Files\dotnet\sdk\9.0.205\Microsoft.Common.CurrentVersion.targets(5364,5): warning MSB3026: n├úo foi poss├¡vel copiar "C:\Repositorio\Ronaldinho-Agent\.agent\daemon\obj\Debug\net9.0\apphost.exe" para "bin\Debug\net9.0\Ronaldinho.Daemon.exe". Iniciando nova tentativa 3 em 1000ms. The process cannot access the file 'C:\Repositorio\Ronaldinho-Agent\.agent\daemon\bin\Debug\net9.0\Ronaldinho.Daemon.exe' because it is being used by another process. O arquivo ├® bloqueado por: "Ronaldinho.Daemon (15936)" [C:\Repositorio\Ronaldinho-Agent\.agent\daemon\Ronaldinho.Daemon.csproj]
C:\Program Files\dotnet\sdk\9.0.205\Microsoft.Common.CurrentVersion.targets(5364,5): warning MSB3026: n├úo foi poss├¡vel copiar "C:\Repositorio\Ronaldinho-Agent\.agent\daemon\obj\Debug\net9.0\apphost.exe" para "bin\Debug\net9.0\Ronaldinho.Daemon.exe". Iniciando nova tentativa 4 em 1000ms. The process cannot access the file 'C:\Repositorio\Ronaldinho-Agent\.agent\daemon\bin\Debug\net9.0\Ronaldinho.Daemon.exe' because it is being used by another process. O arquivo ├® bloqueado por: "Ronaldinho.Daemon (15936)" [C:\Repositorio\Ronaldinho-Agent\.agent\daemon\Ronaldinho.Daemon.csproj]
C:\Program Files\dotnet\sdk\9.0.205\Microsoft.Common.CurrentVersion.targets(5364,5): warning MSB3026: n├úo foi poss├¡vel copiar "C:\Repositorio\Ronaldinho-Agent\.agent\daemon\obj\Debug\net9.0\apphost.exe" para "bin\Debug\net9.0\Ronaldinho.Daemon.exe". Iniciando nova tentativa 5 em 1000ms. The process cannot access the file 'C:\Repositorio\Ronaldinho-Agent\.agent\daemon\bin\Debug\net9.0\Ronaldinho.Daemon.exe' because it is being used by another process. O arquivo ├® bloqueado por: "Ronaldinho.Daemon (15936)" [C:\Repositorio\Ronaldinho-Agent\.agent\daemon\Ronaldinho.Daemon.csproj]
C:\Program Files\dotnet\sdk\9.0.205\Microsoft.Common.CurrentVersion.targets(5364,5): warning MSB3026: n├úo foi poss├¡vel copiar "C:\Repositorio\Ronaldinho-Agent\.agent\daemon\obj\Debug\net9.0\apphost.exe" para "bin\Debug\net9.0\Ronaldinho.Daemon.exe". Iniciando nova tentativa 6 em 1000ms. The process cannot access the file 'C:\Repositorio\Ronaldinho-Agent\.agent\daemon\bin\Debug\net9.0\Ronaldinho.Daemon.exe' because it is being used by another process. O arquivo ├® bloqueado por: "Ronaldinho.Daemon (15936)" [C:\Repositorio\Ronaldinho-Agent\.agent\daemon\Ronaldinho.Daemon.csproj]
C:\Program Files\dotnet\sdk\9.0.205\Microsoft.Common.CurrentVersion.targets(5364,5): warning MSB3026: n├úo foi poss├¡vel copiar "C:\Repositorio\Ronaldinho-Agent\.agent\daemon\obj\Debug\net9.0\apphost.exe" para "bin\Debug\net9.0\Ronaldinho.Daemon.exe". Iniciando nova tentativa 7 em 1000ms. The process cannot access the file 'C:\Repositorio\Ronaldinho-Agent\.agent\daemon\bin\Debug\net9.0\Ronaldinho.Daemon.exe' because it is being used by another process. O arquivo ├® bloqueado por: "Ronaldinho.Daemon (15936)" [C:\Repositorio\Ronaldinho-Agent\.agent\daemon\Ronaldinho.Daemon.csproj]
C:\Program Files\dotnet\sdk\9.0.205\Microsoft.Common.CurrentVersion.targets(5364,5): warning MSB3026: n├úo foi poss├¡vel copiar "C:\Repositorio\Ronaldinho-Agent\.agent\daemon\obj\Debug\net9.0\apphost.exe" para "bin\Debug\net9.0\Ronaldinho.Daemon.exe". Iniciando nova tentativa 8 em 1000ms. The process cannot access the file 'C:\Repositorio\Ronaldinho-Agent\.agent\daemon\bin\Debug\net9.0\Ronaldinho.Daemon.exe' because it is being used by another process. O arquivo ├® bloqueado por: "Ronaldinho.Daemon (15936)" [C:\Repositorio\Ronaldinho-Agent\.agent\daemon\Ronaldinho.Daemon.csproj]
C:\Program Files\dotnet\sdk\9.0.205\Microsoft.Common.CurrentVersion.targets(5364,5): warning MSB3026: n├úo foi poss├¡vel copiar "C:\Repositorio\Ronaldinho-Agent\.agent\daemon\obj\Debug\net9.0\apphost.exe" para "bin\Debug\net9.0\Ronaldinho.Daemon.exe". Iniciando nova tentativa 9 em 1000ms. The process cannot access the file 'C:\Repositorio\Ronaldinho-Agent\.agent\daemon\bin\Debug\net9.0\Ronaldinho.Daemon.exe' because it is being used by another process. O arquivo ├® bloqueado por: "Ronaldinho.Daemon (15936)" [C:\Repositorio\Ronaldinho-Agent\.agent\daemon\Ronaldinho.Daemon.csproj]
C:\Program Files\dotnet\sdk\9.0.205\Microsoft.Common.CurrentVersion.targets(5364,5): warning MSB3026: n├úo foi poss├¡vel copiar "C:\Repositorio\Ronaldinho-Agent\.agent\daemon\obj\Debug\net9.0\apphost.exe" para "bin\Debug\net9.0\Ronaldinho.Daemon.exe". Iniciando nova tentativa 10 em 1000ms. The process cannot access the file 'C:\Repositorio\Ronaldinho-Agent\.agent\daemon\bin\Debug\net9.0\Ronaldinho.Daemon.exe' because it is being used by another process. O arquivo ├® bloqueado por: "Ronaldinho.Daemon (15936)" [C:\Repositorio\Ronaldinho-Agent\.agent\daemon\Ronaldinho.Daemon.csproj]
C:\Program Files\dotnet\sdk\9.0.205\Microsoft.Common.CurrentVersion.targets(5364,5): error MSB3027: n├úo foi poss├¡vel copiar "C:\Repositorio\Ronaldinho-Agent\.agent\daemon\obj\Debug\net9.0\apphost.exe" para "bin\Debug\net9.0\Ronaldinho.Daemon.exe". N├║mero de novas tentativas 10 excedido. Falha. O arquivo ├® bloqueado por: "Ronaldinho.Daemon (15936)" [C:\Repositorio\Ronaldinho-Agent\.agent\daemon\Ronaldinho.Daemon.csproj]
C:\Program Files\dotnet\sdk\9.0.205\Microsoft.Common.CurrentVersion.targets(5364,5): error MSB3021: N├úo ├® poss├¡vel copiar o arquivo "C:\Repositorio\Ronaldinho-Agent\.agent\daemon\obj\Debug\net9.0\apphost.exe" para "bin\Debug\net9.0\Ronaldinho.Daemon.exe". The process cannot access the file 'C:\Repositorio\Ronaldinho-Agent\.agent\daemon\bin\Debug\net9.0\Ronaldinho.Daemon.exe' because it is being used by another process. [C:\Repositorio\Ronaldinho-Agent\.agent\daemon\Ronaldinho.Daemon.csproj]

FALHA da compila├º├úo.

C:\Program Files\dotnet\sdk\9.0.205\Microsoft.Common.CurrentVersion.targets(5364,5): warning MSB3026: n├úo foi poss├¡vel copiar "C:\Repositorio\Ronaldinho-Agent\.agent\daemon\obj\Debug\net9.0\apphost.exe" para "bin\Debug\net9.0\Ronaldinho.Daemon.exe". Iniciando nova tentativa 1 em 1000ms. The process cannot access the file 'C:\Repositorio\Ronaldinho-Agent\.agent\daemon\bin\Debug\net9.0\Ronaldinho.Daemon.exe' because it is being used by another process. O arquivo ├® bloqueado por: "Ronaldinho.Daemon (15936)" [C:\Repositorio\Ronaldinho-Agent\.agent\daemon\Ronaldinho.Daemon.csproj]
C:\Program Files\dotnet\sdk\9.0.205\Microsoft.Common.CurrentVersion.targets(5364,5): warning MSB3026: n├úo foi poss├¡vel copiar "C:\Repositorio\Ronaldinho-Agent\.agent\daemon\obj\Debug\net9.0\apphost.exe" para "bin\Debug\net9.0\Ronaldinho.Daemon.exe". Iniciando nova tentativa 2 em 1000ms. The process cannot access the file 'C:\Repositorio\Ronaldinho-Agent\.agent\daemon\bin\Debug\net9.0\Ronaldinho.Daemon.exe' because it is being used by another process. O arquivo ├® bloqueado por: "Ronaldinho.Daemon (15936)" [C:\Repositorio\Ronaldinho-Agent\.agent\daemon\Ronaldinho.Daemon.csproj]
C:\Program Files\dotnet\sdk\9.0.205\Microsoft.Common.CurrentVersion.targets(5364,5): warning MSB3026: n├úo foi poss├¡vel copiar "C:\Repositorio\Ronaldinho-Agent\.agent\daemon\obj\Debug\net9.0\apphost.exe" para "bin\Debug\net9.0\Ronaldinho.Daemon.exe". Iniciando nova tentativa 3 em 1000ms. The process cannot access the file 'C:\Repositorio\Ronaldinho-Agent\.agent\daemon\bin\Debug\net9.0\Ronaldinho.Daemon.exe' because it is being used by another process. O arquivo ├® bloqueado por: "Ronaldinho.Daemon (15936)" [C:\Repositorio\Ronaldinho-Agent\.agent\daemon\Ronaldinho.Daemon.csproj]
C:\Program Files\dotnet\sdk\9.0.205\Microsoft.Common.CurrentVersion.targets(5364,5): warning MSB3026: n├úo foi poss├¡vel copiar "C:\Repositorio\Ronaldinho-Agent\.agent\daemon\obj\Debug\net9.0\apphost.exe" para "bin\Debug\net9.0\Ronaldinho.Daemon.exe". Iniciando nova tentativa 4 em 1000ms. The process cannot access the file 'C:\Repositorio\Ronaldinho-Agent\.agent\daemon\bin\Debug\net9.0\Ronaldinho.Daemon.exe' because it is being used by another process. O arquivo ├® bloqueado por: "Ronaldinho.Daemon (15936)" [C:\Repositorio\Ronaldinho-Agent\.agent\daemon\Ronaldinho.Daemon.csproj]
C:\Program Files\dotnet\sdk\9.0.205\Microsoft.Common.CurrentVersion.targets(5364,5): warning MSB3026: n├úo foi poss├¡vel copiar "C:\Repositorio\Ronaldinho-Agent\.agent\daemon\obj\Debug\net9.0\apphost.exe" para "bin\Debug\net9.0\Ronaldinho.Daemon.exe". Iniciando nova tentativa 5 em 1000ms. The process cannot access the file 'C:\Repositorio\Ronaldinho-Agent\.agent\daemon\bin\Debug\net9.0\Ronaldinho.Daemon.exe' because it is being used by another process. O arquivo ├® bloqueado por: "Ronaldinho.Daemon (15936)" [C:\Repositorio\Ronaldinho-Agent\.agent\daemon\Ronaldinho.Daemon.csproj]
C:\Program Files\dotnet\sdk\9.0.205\Microsoft.Common.CurrentVersion.targets(5364,5): warning MSB3026: n├úo foi poss├¡vel copiar "C:\Repositorio\Ronaldinho-Agent\.agent\daemon\obj\Debug\net9.0\apphost.exe" para "bin\Debug\net9.0\Ronaldinho.Daemon.exe". Iniciando nova tentativa 6 em 1000ms. The process cannot access the file 'C:\Repositorio\Ronaldinho-Agent\.agent\daemon\bin\Debug\net9.0\Ronaldinho.Daemon.exe' because it is being used by another process. O arquivo ├® bloqueado por: "Ronaldinho.Daemon (15936)" [C:\Repositorio\Ronaldinho-Agent\.agent\daemon\Ronaldinho.Daemon.csproj]
C:\Program Files\dotnet\sdk\9.0.205\Microsoft.Common.CurrentVersion.targets(5364,5): warning MSB3026: n├úo foi poss├¡vel copiar "C:\Repositorio\Ronaldinho-Agent\.agent\daemon\obj\Debug\net9.0\apphost.exe" para "bin\Debug\net9.0\Ronaldinho.Daemon.exe". Iniciando nova tentativa 7 em 1000ms. The process cannot access the file 'C:\Repositorio\Ronaldinho-Agent\.agent\daemon\bin\Debug\net9.0\Ronaldinho.Daemon.exe' because it is being used by another process. O arquivo ├® bloqueado por: "Ronaldinho.Daemon (15936)" [C:\Repositorio\Ronaldinho-Agent\.agent\daemon\Ronaldinho.Daemon.csproj]
C:\Program Files\dotnet\sdk\9.0.205\Microsoft.Common.CurrentVersion.targets(5364,5): warning MSB3026: n├úo foi poss├¡vel copiar "C:\Repositorio\Ronaldinho-Agent\.agent\daemon\obj\Debug\net9.0\apphost.exe" para "bin\Debug\net9.0\Ronaldinho.Daemon.exe". Iniciando nova tentativa 8 em 1000ms. The process cannot access the file 'C:\Repositorio\Ronaldinho-Agent\.agent\daemon\bin\Debug\net9.0\Ronaldinho.Daemon.exe' because it is being used by another process. O arquivo ├® bloqueado por: "Ronaldinho.Daemon (15936)" [C:\Repositorio\Ronaldinho-Agent\.agent\daemon\Ronaldinho.Daemon.csproj]
C:\Program Files\dotnet\sdk\9.0.205\Microsoft.Common.CurrentVersion.targets(5364,5): warning MSB3026: n├úo foi poss├¡vel copiar "C:\Repositorio\Ronaldinho-Agent\.agent\daemon\obj\Debug\net9.0\apphost.exe" para "bin\Debug\net9.0\Ronaldinho.Daemon.exe". Iniciando nova tentativa 9 em 1000ms. The process cannot access the file 'C:\Repositorio\Ronaldinho-Agent\.agent\daemon\bin\Debug\net9.0\Ronaldinho.Daemon.exe' because it is being used by another process. O arquivo ├® bloqueado por: "Ronaldinho.Daemon (15936)" [C:\Repositorio\Ronaldinho-Agent\.agent\daemon\Ronaldinho.Daemon.csproj]
C:\Program Files\dotnet\sdk\9.0.205\Microsoft.Common.CurrentVersion.targets(5364,5): warning MSB3026: n├úo foi poss├¡vel copiar "C:\Repositorio\Ronaldinho-Agent\.agent\daemon\obj\Debug\net9.0\apphost.exe" para "bin\Debug\net9.0\Ronaldinho.Daemon.exe". Iniciando nova tentativa 10 em 1000ms. The process cannot access the file 'C:\Repositorio\Ronaldinho-Agent\.agent\daemon\bin\Debug\net9.0\Ronaldinho.Daemon.exe' because it is being used by another process. O arquivo ├® bloqueado por: "Ronaldinho.Daemon (15936)" [C:\Repositorio\Ronaldinho-Agent\.agent\daemon\Ronaldinho.Daemon.csproj]
C:\Program Files\dotnet\sdk\9.0.205\Microsoft.Common.CurrentVersion.targets(5364,5): error MSB3027: n├úo foi poss├¡vel copiar "C:\Repositorio\Ronaldinho-Agent\.agent\daemon\obj\Debug\net9.0\apphost.exe" para "bin\Debug\net9.0\Ronaldinho.Daemon.exe". N├║mero de novas tentativas 10 excedido. Falha. O arquivo ├® bloqueado por: "Ronaldinho.Daemon (15936)" [C:\Repositorio\Ronaldinho-Agent\.agent\daemon\Ronaldinho.Daemon.csproj]
C:\Program Files\dotnet\sdk\9.0.205\Microsoft.Common.CurrentVersion.targets(5364,5): error MSB3021: N├úo ├® poss├¡vel copiar o arquivo "C:\Repositorio\Ronaldinho-Agent\.agent\daemon\obj\Debug\net9.0\apphost.exe" para "bin\Debug\net9.0\Ronaldinho.Daemon.exe". The process cannot access the file 'C:\Repositorio\Ronaldinho-Agent\.agent\daemon\bin\Debug\net9.0\Ronaldinho.Daemon.exe' because it is being used by another process. [C:\Repositorio\Ronaldinho-Agent\.agent\daemon\Ronaldinho.Daemon.csproj]
    10 Aviso(s)
    2 Erro(s)

Tempo Decorrido 00:00:15.02
